rm 'data/runtime/templates/tech-index.v38.template.json'
rm 'schemas/tech-index-v38.schema.json'
Traceback (most recent call last):
  File "/home/runner/work/Shinobi-RPG/Shinobi-RPG/tools/migrate_stable_gameplay_names.py", line 227, in <module>
    loads_no_dupes(new, rel)
  File "/home/runner/work/Shinobi-RPG/Shinobi-RPG/tools/migrate_stable_gameplay_names.py", line 136, in loads_no_dupes
    return json.loads(text, object_pairs_hook=hook)
           ^^^^^^^^^^^^^^^^^^^^^^^^^^^^^^^^^^^^^^^^
  File "/opt/hostedtoolcache/Python/3.12.13/x64/lib/python3.12/json/__init__.py", line 359, in loads
    return cls(**kw).decode(s)
           ^^^^^^^^^^^^^^^^^^^
  File "/opt/hostedtoolcache/Python/3.12.13/x64/lib/python3.12/json/decoder.py", line 338, in decode
    obj, end = self.raw_decode(s, idx=_w(s, 0).end())
               ^^^^^^^^^^^^^^^^^^^^^^^^^^^^^^^^^^^^^^
  File "/opt/hostedtoolcache/Python/3.12.13/x64/lib/python3.12/json/decoder.py", line 354, in raw_decode
    obj, end = self.scan_once(s, idx)
               ^^^^^^^^^^^^^^^^^^^^^^
  File "/home/runner/work/Shinobi-RPG/Shinobi-RPG/tools/migrate_stable_gameplay_names.py", line 133, in hook
    raise ValueError(f"duplicate JSON key after stable-name rewrite: {rel}: {key}")
ValueError: duplicate JSON key after stable-name rewrite: maintenance/gameplay-version-audit.json: tech-index
